[2025-06-08T04:51:59.543+0000] {manager.py:470} INFO - Processing files using up to 2 processes at a time 
[2025-06-08T04:51:59.545+0000] {manager.py:471} INFO - Process each file at most once every 30 seconds
[2025-06-08T04:51:59.546+0000] {manager.py:472} INFO - Checking for new files in /opt/airflow/dags every 300 seconds
[2025-06-08T04:51:59.547+0000] {manager.py:737} INFO - Searching for files in /opt/airflow/dags
[2025-06-08T04:51:59.558+0000] {manager.py:740} INFO - There are 1 files in /opt/airflow/dags
[2025-06-08T04:51:59.612+0000] {manager.py:878} INFO - 
================================================================================
DAG File Processing Stats

File Path                                 PID  Runtime      # DAGs    # Errors  Last Runtime    Last Run
--------------------------------------  -----  ---------  --------  ----------  --------------  ----------
/opt/airflow/dags/spark-dag-example.py    180  0.02s             0           0
================================================================================
[2025-06-08T04:52:15.215+0000] {manager.py:452} INFO - Exiting gracefully upon receiving signal 15
[2025-06-08T04:54:47.529+0000] {manager.py:470} INFO - Processing files using up to 2 processes at a time 
[2025-06-08T04:54:47.531+0000] {manager.py:471} INFO - Process each file at most once every 30 seconds
[2025-06-08T04:54:47.533+0000] {manager.py:472} INFO - Checking for new files in /opt/airflow/dags every 300 seconds
[2025-06-08T04:54:47.534+0000] {manager.py:737} INFO - Searching for files in /opt/airflow/dags
[2025-06-08T04:54:47.555+0000] {manager.py:740} INFO - There are 1 files in /opt/airflow/dags
[2025-06-08T04:54:47.621+0000] {manager.py:878} INFO - 
================================================================================
DAG File Processing Stats

File Path                                 PID  Runtime      # DAGs    # Errors  Last Runtime    Last Run
--------------------------------------  -----  ---------  --------  ----------  --------------  ----------
/opt/airflow/dags/spark-dag-example.py    180  0.03s             0           0
================================================================================
[2025-06-08T04:55:17.816+0000] {manager.py:878} INFO - 
================================================================================
DAG File Processing Stats

File Path                                 PID  Runtime      # DAGs    # Errors  Last Runtime    Last Run
--------------------------------------  -----  ---------  --------  ----------  --------------  -------------------
/opt/airflow/dags/spark-dag-example.py    185  0.01s             1           0  0.10s           2025-06-08T04:54:47
================================================================================
[2025-06-08T04:55:48.086+0000] {manager.py:878} INFO - 
================================================================================
DAG File Processing Stats

File Path                                 PID  Runtime      # DAGs    # Errors  Last Runtime    Last Run
--------------------------------------  -----  ---------  --------  ----------  --------------  -------------------
/opt/airflow/dags/spark-dag-example.py    190  0.01s             1           0  0.23s           2025-06-08T04:55:18
================================================================================
[2025-06-08T04:56:18.341+0000] {manager.py:878} INFO - 
================================================================================
DAG File Processing Stats

File Path                                 PID  Runtime      # DAGs    # Errors  Last Runtime    Last Run
--------------------------------------  -----  ---------  --------  ----------  --------------  -------------------
/opt/airflow/dags/spark-dag-example.py    195  0.01s             1           0  0.12s           2025-06-08T04:55:48
================================================================================
[2025-06-08T04:56:48.662+0000] {manager.py:878} INFO - 
================================================================================
DAG File Processing Stats

File Path                                 PID  Runtime      # DAGs    # Errors  Last Runtime    Last Run
--------------------------------------  -----  ---------  --------  ----------  --------------  -------------------
/opt/airflow/dags/spark-dag-example.py    200  0.01s             1           0  0.11s           2025-06-08T04:56:18
================================================================================
[2025-06-08T04:57:18.928+0000] {manager.py:878} INFO - 
================================================================================
DAG File Processing Stats

File Path                                 PID  Runtime      # DAGs    # Errors  Last Runtime    Last Run
--------------------------------------  -----  ---------  --------  ----------  --------------  -------------------
/opt/airflow/dags/spark-dag-example.py    205  0.00s             1           0  0.12s           2025-06-08T04:56:48
================================================================================
[2025-06-08T04:57:49.298+0000] {manager.py:878} INFO - 
================================================================================
DAG File Processing Stats

File Path                                 PID  Runtime      # DAGs    # Errors  Last Runtime    Last Run
--------------------------------------  -----  ---------  --------  ----------  --------------  -------------------
/opt/airflow/dags/spark-dag-example.py    210  0.00s             1           0  0.09s           2025-06-08T04:57:19
================================================================================
[2025-06-08T04:58:19.567+0000] {manager.py:878} INFO - 
================================================================================
DAG File Processing Stats

File Path                                 PID  Runtime      # DAGs    # Errors  Last Runtime    Last Run
--------------------------------------  -----  ---------  --------  ----------  --------------  -------------------
/opt/airflow/dags/spark-dag-example.py    215  0.01s             1           0  0.09s           2025-06-08T04:57:49
================================================================================
[2025-06-08T04:58:49.881+0000] {manager.py:878} INFO - 
================================================================================
DAG File Processing Stats

File Path                                 PID  Runtime      # DAGs    # Errors  Last Runtime    Last Run
--------------------------------------  -----  ---------  --------  ----------  --------------  -------------------
/opt/airflow/dags/spark-dag-example.py    220  0.01s             1           0  0.10s           2025-06-08T04:58:19
================================================================================
[2025-06-08T04:59:20.191+0000] {manager.py:878} INFO - 
================================================================================
DAG File Processing Stats

File Path                                 PID  Runtime      # DAGs    # Errors  Last Runtime    Last Run
--------------------------------------  -----  ---------  --------  ----------  --------------  -------------------
/opt/airflow/dags/spark-dag-example.py    225  0.01s             1           0  0.16s           2025-06-08T04:58:50
================================================================================
[2025-06-08T04:59:47.543+0000] {manager.py:737} INFO - Searching for files in /opt/airflow/dags
[2025-06-08T04:59:47.581+0000] {manager.py:740} INFO - There are 1 files in /opt/airflow/dags
[2025-06-08T04:59:50.585+0000] {manager.py:878} INFO - 
================================================================================
DAG File Processing Stats

File Path                                 PID  Runtime      # DAGs    # Errors  Last Runtime    Last Run
--------------------------------------  -----  ---------  --------  ----------  --------------  -------------------
/opt/airflow/dags/spark-dag-example.py    230  0.01s             1           0  0.16s           2025-06-08T04:59:20
================================================================================
[2025-06-08T05:00:20.898+0000] {manager.py:878} INFO - 
================================================================================
DAG File Processing Stats

File Path                                 PID  Runtime      # DAGs    # Errors  Last Runtime    Last Run
--------------------------------------  -----  ---------  --------  ----------  --------------  -------------------
/opt/airflow/dags/spark-dag-example.py    235  0.00s             1           0  0.10s           2025-06-08T04:59:50
================================================================================
[2025-06-08T05:00:51.171+0000] {manager.py:878} INFO - 
================================================================================
DAG File Processing Stats

File Path                                 PID  Runtime      # DAGs    # Errors  Last Runtime    Last Run
--------------------------------------  -----  ---------  --------  ----------  --------------  -------------------
/opt/airflow/dags/spark-dag-example.py    240  0.00s             1           0  0.10s           2025-06-08T05:00:20
================================================================================
[2025-06-08T05:01:21.443+0000] {manager.py:878} INFO - 
================================================================================
DAG File Processing Stats

File Path                                 PID  Runtime      # DAGs    # Errors  Last Runtime    Last Run
--------------------------------------  -----  ---------  --------  ----------  --------------  -------------------
/opt/airflow/dags/spark-dag-example.py    411  0.01s             1           0  0.08s           2025-06-08T05:00:51
================================================================================
[2025-06-08T05:01:51.695+0000] {manager.py:878} INFO - 
================================================================================
DAG File Processing Stats

File Path                                 PID  Runtime      # DAGs    # Errors  Last Runtime    Last Run
--------------------------------------  -----  ---------  --------  ----------  --------------  -------------------
/opt/airflow/dags/spark-dag-example.py    420  0.00s             1           0  0.15s           2025-06-08T05:01:21
================================================================================
[2025-06-08T05:02:22.076+0000] {manager.py:878} INFO - 
================================================================================
DAG File Processing Stats

File Path                                 PID  Runtime      # DAGs    # Errors  Last Runtime    Last Run
--------------------------------------  -----  ---------  --------  ----------  --------------  -------------------
/opt/airflow/dags/spark-dag-example.py    468  0.01s             1           0  0.17s           2025-06-08T05:01:51
================================================================================
[2025-06-08T05:02:52.355+0000] {manager.py:878} INFO - 
================================================================================
DAG File Processing Stats

File Path                                 PID  Runtime      # DAGs    # Errors  Last Runtime    Last Run
--------------------------------------  -----  ---------  --------  ----------  --------------  -------------------
/opt/airflow/dags/spark-dag-example.py    473  0.00s             1           0  0.18s           2025-06-08T05:02:22
================================================================================
[2025-06-08T05:03:22.610+0000] {manager.py:878} INFO - 
================================================================================
DAG File Processing Stats

File Path                                 PID  Runtime      # DAGs    # Errors  Last Runtime    Last Run
--------------------------------------  -----  ---------  --------  ----------  --------------  -------------------
/opt/airflow/dags/spark-dag-example.py    478  0.00s             1           0  0.10s           2025-06-08T05:02:52
================================================================================
[2025-06-08T05:03:53.031+0000] {manager.py:878} INFO - 
================================================================================
DAG File Processing Stats

File Path                                 PID  Runtime      # DAGs    # Errors  Last Runtime    Last Run
--------------------------------------  -----  ---------  --------  ----------  --------------  -------------------
/opt/airflow/dags/spark-dag-example.py    483  0.01s             1           0  0.10s           2025-06-08T05:03:22
================================================================================
[2025-06-08T05:04:23.378+0000] {manager.py:878} INFO - 
================================================================================
DAG File Processing Stats

File Path                                 PID  Runtime      # DAGs    # Errors  Last Runtime    Last Run
--------------------------------------  -----  ---------  --------  ----------  --------------  -------------------
/opt/airflow/dags/spark-dag-example.py    488  0.01s             1           0  0.13s           2025-06-08T05:03:53
================================================================================
[2025-06-08T05:04:47.607+0000] {manager.py:737} INFO - Searching for files in /opt/airflow/dags
[2025-06-08T05:04:47.640+0000] {manager.py:740} INFO - There are 1 files in /opt/airflow/dags
[2025-06-08T05:04:53.751+0000] {manager.py:878} INFO - 
================================================================================
DAG File Processing Stats

File Path                                 PID  Runtime      # DAGs    # Errors  Last Runtime    Last Run
--------------------------------------  -----  ---------  --------  ----------  --------------  -------------------
/opt/airflow/dags/spark-dag-example.py    493  0.03s             1           0  0.14s           2025-06-08T05:04:23
================================================================================
[2025-06-08T05:05:24.080+0000] {manager.py:878} INFO - 
================================================================================
DAG File Processing Stats

File Path                                 PID  Runtime      # DAGs    # Errors  Last Runtime    Last Run
--------------------------------------  -----  ---------  --------  ----------  --------------  -------------------
/opt/airflow/dags/spark-dag-example.py    498  0.01s             1           0  0.25s           2025-06-08T05:04:53
================================================================================
[2025-06-08T05:05:54.474+0000] {manager.py:878} INFO - 
================================================================================
DAG File Processing Stats

File Path                                 PID  Runtime      # DAGs    # Errors  Last Runtime    Last Run
--------------------------------------  -----  ---------  --------  ----------  --------------  -------------------
/opt/airflow/dags/spark-dag-example.py    503  0.01s             1           0  0.20s           2025-06-08T05:05:24
================================================================================
[2025-06-08T05:06:24.803+0000] {manager.py:878} INFO - 
================================================================================
DAG File Processing Stats

File Path                                 PID  Runtime      # DAGs    # Errors  Last Runtime    Last Run
--------------------------------------  -----  ---------  --------  ----------  --------------  -------------------
/opt/airflow/dags/spark-dag-example.py    508  0.01s             1           0  0.14s           2025-06-08T05:05:54
================================================================================
[2025-06-08T05:06:55.097+0000] {manager.py:878} INFO - 
================================================================================
DAG File Processing Stats

File Path                                 PID  Runtime      # DAGs    # Errors  Last Runtime    Last Run
--------------------------------------  -----  ---------  --------  ----------  --------------  -------------------
/opt/airflow/dags/spark-dag-example.py    513  0.00s             1           0  0.16s           2025-06-08T05:06:24
================================================================================
[2025-06-08T05:07:25.468+0000] {manager.py:878} INFO - 
================================================================================
DAG File Processing Stats

File Path                                 PID  Runtime      # DAGs    # Errors  Last Runtime    Last Run
--------------------------------------  -----  ---------  --------  ----------  --------------  -------------------
/opt/airflow/dags/spark-dag-example.py    518  0.01s             1           0  0.10s           2025-06-08T05:06:55
================================================================================
[2025-06-08T05:07:55.778+0000] {manager.py:878} INFO - 
================================================================================
DAG File Processing Stats

File Path                                 PID  Runtime      # DAGs    # Errors  Last Runtime    Last Run
--------------------------------------  -----  ---------  --------  ----------  --------------  -------------------
/opt/airflow/dags/spark-dag-example.py    523  0.01s             1           0  0.15s           2025-06-08T05:07:25
================================================================================
[2025-06-08T05:08:26.200+0000] {manager.py:878} INFO - 
================================================================================
DAG File Processing Stats

File Path                                 PID  Runtime      # DAGs    # Errors  Last Runtime    Last Run
--------------------------------------  -----  ---------  --------  ----------  --------------  -------------------
/opt/airflow/dags/spark-dag-example.py    528  0.00s             1           0  0.13s           2025-06-08T05:07:55
================================================================================
[2025-06-08T05:08:56.513+0000] {manager.py:878} INFO - 
================================================================================
DAG File Processing Stats

File Path                                 PID  Runtime      # DAGs    # Errors  Last Runtime    Last Run
--------------------------------------  -----  ---------  --------  ----------  --------------  -------------------
/opt/airflow/dags/spark-dag-example.py    533  0.01s             1           0  0.19s           2025-06-08T05:08:26
================================================================================
[2025-06-08T05:09:26.792+0000] {manager.py:878} INFO - 
================================================================================
DAG File Processing Stats

File Path                                 PID  Runtime      # DAGs    # Errors  Last Runtime    Last Run
--------------------------------------  -----  ---------  --------  ----------  --------------  -------------------
/opt/airflow/dags/spark-dag-example.py    538  0.01s             1           0  0.20s           2025-06-08T05:08:56
================================================================================
[2025-06-08T05:09:48.118+0000] {manager.py:737} INFO - Searching for files in /opt/airflow/dags
[2025-06-08T05:09:48.249+0000] {manager.py:740} INFO - There are 1 files in /opt/airflow/dags
[2025-06-08T05:09:57.412+0000] {manager.py:878} INFO - 
================================================================================
DAG File Processing Stats

File Path                                 PID  Runtime      # DAGs    # Errors  Last Runtime    Last Run
--------------------------------------  -----  ---------  --------  ----------  --------------  -------------------
/opt/airflow/dags/spark-dag-example.py    543  0.01s             1           0  0.18s           2025-06-08T05:09:26
================================================================================
[2025-06-08T05:10:27.742+0000] {manager.py:878} INFO - 
================================================================================
DAG File Processing Stats

File Path                                 PID  Runtime      # DAGs    # Errors  Last Runtime    Last Run
--------------------------------------  -----  ---------  --------  ----------  --------------  -------------------
/opt/airflow/dags/spark-dag-example.py    548  0.01s             1           0  0.11s           2025-06-08T05:09:57
================================================================================
[2025-06-08T05:10:58.109+0000] {manager.py:878} INFO - 
================================================================================
DAG File Processing Stats

File Path                                 PID  Runtime      # DAGs    # Errors  Last Runtime    Last Run
--------------------------------------  -----  ---------  --------  ----------  --------------  -------------------
/opt/airflow/dags/spark-dag-example.py    553  0.01s             1           0  0.14s           2025-06-08T05:10:27
================================================================================
[2025-06-08T05:11:28.392+0000] {manager.py:878} INFO - 
================================================================================
DAG File Processing Stats

File Path                                 PID  Runtime      # DAGs    # Errors  Last Runtime    Last Run
--------------------------------------  -----  ---------  --------  ----------  --------------  -------------------
/opt/airflow/dags/spark-dag-example.py    558  0.00s             1           0  0.28s           2025-06-08T05:10:58
================================================================================
[2025-06-08T05:11:58.728+0000] {manager.py:878} INFO - 
================================================================================
DAG File Processing Stats

File Path                                 PID  Runtime      # DAGs    # Errors  Last Runtime    Last Run
--------------------------------------  -----  ---------  --------  ----------  --------------  -------------------
/opt/airflow/dags/spark-dag-example.py    563  0.00s             1           0  0.10s           2025-06-08T05:11:28
================================================================================
[2025-06-08T05:12:29.020+0000] {manager.py:878} INFO - 
================================================================================
DAG File Processing Stats

File Path                               PID    Runtime      # DAGs    # Errors  Last Runtime    Last Run
--------------------------------------  -----  ---------  --------  ----------  --------------  -------------------
/opt/airflow/dags/spark-dag-example.py                           1           0  0.30s           2025-06-08T05:11:59
================================================================================
[2025-06-08T05:12:59.670+0000] {manager.py:878} INFO - 
================================================================================
DAG File Processing Stats

File Path                                 PID  Runtime      # DAGs    # Errors  Last Runtime    Last Run
--------------------------------------  -----  ---------  --------  ----------  --------------  -------------------
/opt/airflow/dags/spark-dag-example.py    573  0.01s             1           0  0.11s           2025-06-08T05:12:29
================================================================================
[2025-06-08T05:13:29.958+0000] {manager.py:878} INFO - 
================================================================================
DAG File Processing Stats

File Path                                 PID  Runtime      # DAGs    # Errors  Last Runtime    Last Run
--------------------------------------  -----  ---------  --------  ----------  --------------  -------------------
/opt/airflow/dags/spark-dag-example.py    578  0.01s             1           0  0.09s           2025-06-08T05:12:59
================================================================================
[2025-06-08T05:14:00.279+0000] {manager.py:878} INFO - 
================================================================================
DAG File Processing Stats

File Path                                 PID  Runtime      # DAGs    # Errors  Last Runtime    Last Run
--------------------------------------  -----  ---------  --------  ----------  --------------  -------------------
/opt/airflow/dags/spark-dag-example.py    583  0.01s             1           0  0.18s           2025-06-08T05:13:30
================================================================================
[2025-06-08T05:14:30.678+0000] {manager.py:878} INFO - 
================================================================================
DAG File Processing Stats

File Path                                 PID  Runtime      # DAGs    # Errors  Last Runtime    Last Run
--------------------------------------  -----  ---------  --------  ----------  --------------  -------------------
/opt/airflow/dags/spark-dag-example.py    588  0.01s             1           0  0.21s           2025-06-08T05:14:00
================================================================================
[2025-06-08T05:14:48.855+0000] {manager.py:737} INFO - Searching for files in /opt/airflow/dags
[2025-06-08T05:14:48.903+0000] {manager.py:740} INFO - There are 1 files in /opt/airflow/dags
[2025-06-08T05:15:01.053+0000] {manager.py:878} INFO - 
================================================================================
DAG File Processing Stats

File Path                                 PID  Runtime      # DAGs    # Errors  Last Runtime    Last Run
--------------------------------------  -----  ---------  --------  ----------  --------------  -------------------
/opt/airflow/dags/spark-dag-example.py    593  0.01s             1           0  0.16s           2025-06-08T05:14:30
================================================================================
[2025-06-08T05:15:31.383+0000] {manager.py:878} INFO - 
================================================================================
DAG File Processing Stats

File Path                                 PID  Runtime      # DAGs    # Errors  Last Runtime    Last Run
--------------------------------------  -----  ---------  --------  ----------  --------------  -------------------
/opt/airflow/dags/spark-dag-example.py    598  0.01s             1           0  0.16s           2025-06-08T05:15:01
================================================================================
[2025-06-08T05:16:01.763+0000] {manager.py:878} INFO - 
================================================================================
DAG File Processing Stats

File Path                                 PID  Runtime      # DAGs    # Errors  Last Runtime    Last Run
--------------------------------------  -----  ---------  --------  ----------  --------------  -------------------
/opt/airflow/dags/spark-dag-example.py    603  0.00s             1           0  0.13s           2025-06-08T05:15:31
================================================================================
[2025-06-08T05:16:32.079+0000] {manager.py:878} INFO - 
================================================================================
DAG File Processing Stats

File Path                                 PID  Runtime      # DAGs    # Errors  Last Runtime    Last Run
--------------------------------------  -----  ---------  --------  ----------  --------------  -------------------
/opt/airflow/dags/spark-dag-example.py    608  0.01s             1           0  0.08s           2025-06-08T05:16:01
================================================================================
[2025-06-08T05:17:02.331+0000] {manager.py:878} INFO - 
================================================================================
DAG File Processing Stats

File Path                                 PID  Runtime      # DAGs    # Errors  Last Runtime    Last Run
--------------------------------------  -----  ---------  --------  ----------  --------------  -------------------
/opt/airflow/dags/spark-dag-example.py    613  0.00s             1           0  0.12s           2025-06-08T05:16:32
================================================================================
