[2025-06-08T05:01:05.957+0000] {local_task_job_runner.py:120} INFO - ::group::Pre task execution logs
[2025-06-08T05:01:05.984+0000] {taskinstance.py:2076} INFO - Dependencies all met for dep_context=non-requeueable deps ti=<TaskInstance: spark_airflow_dag.spark_submit_task manual__2025-06-08T05:01:05.182552+00:00 [queued]>
[2025-06-08T05:01:05.990+0000] {taskinstance.py:2076} INFO - Dependencies all met for dep_context=requeueable deps ti=<TaskInstance: spark_airflow_dag.spark_submit_task manual__2025-06-08T05:01:05.182552+00:00 [queued]>
[2025-06-08T05:01:05.990+0000] {taskinstance.py:2306} INFO - Starting attempt 1 of 1
[2025-06-08T05:01:06.001+0000] {taskinstance.py:2330} INFO - Executing <Task(SparkSubmitOperator): spark_submit_task> on 2025-06-08 05:01:05.182552+00:00
[2025-06-08T05:01:06.005+0000] {standard_task_runner.py:63} INFO - Started process 246 to run task
[2025-06-08T05:01:06.007+0000] {standard_task_runner.py:90} INFO - Running: ['airflow', 'tasks', 'run', 'spark_airflow_dag', 'spark_submit_task', 'manual__2025-06-08T05:01:05.182552+00:00', '--job-id', '3', '--raw', '--subdir', 'DAGS_FOLDER/spark-dag-example.py', '--cfg-path', '/tmp/tmpd6p5_opk']
[2025-06-08T05:01:06.008+0000] {standard_task_runner.py:91} INFO - Job 3: Subtask spark_submit_task
[2025-06-08T05:01:06.061+0000] {logging_mixin.py:188} WARNING - /home/airflow/.local/lib/python3.9/site-packages/airflow/settings.py:195 DeprecationWarning: The sql_alchemy_conn option in [core] has been moved to the sql_alchemy_conn option in [database] - the old setting has been used, but please update your config.
[2025-06-08T05:01:06.103+0000] {task_command.py:426} INFO - Running <TaskInstance: spark_airflow_dag.spark_submit_task manual__2025-06-08T05:01:05.182552+00:00 [running]> on host dataeng-airflow-scheduler
[2025-06-08T05:01:06.231+0000] {taskinstance.py:2648} INFO - Exporting env vars: AIRFLOW_CTX_DAG_OWNER='dibimbing' AIRFLOW_CTX_DAG_ID='spark_airflow_dag' AIRFLOW_CTX_TASK_ID='spark_submit_task' AIRFLOW_CTX_EXECUTION_DATE='2025-06-08T05:01:05.182552+00:00' AIRFLOW_CTX_TRY_NUMBER='1' AIRFLOW_CTX_DAG_RUN_ID='manual__2025-06-08T05:01:05.182552+00:00'
[2025-06-08T05:01:06.232+0000] {taskinstance.py:430} INFO - ::endgroup::
[2025-06-08T05:01:06.270+0000] {base.py:84} INFO - Using connection ID 'spark_main' for task execution.
[2025-06-08T05:01:06.271+0000] {spark_submit.py:474} INFO - Spark-Submit cmd: spark-submit --master spark://dataeng-spark-master:7077 --name arrow-spark /spark-scripts/spark-example.py
[2025-06-08T05:01:08.739+0000] {spark_submit.py:641} INFO - 25/06/08 05:01:08 INFO SparkContext: Running Spark version 3.3.2
[2025-06-08T05:01:08.777+0000] {spark_submit.py:641} INFO - 25/06/08 05:01:08 WARN NativeCodeLoader: Unable to load native-hadoop library for your platform... using builtin-java classes where applicable
[2025-06-08T05:01:08.830+0000] {spark_submit.py:641} INFO - 25/06/08 05:01:08 INFO ResourceUtils: ==============================================================
[2025-06-08T05:01:08.831+0000] {spark_submit.py:641} INFO - 25/06/08 05:01:08 INFO ResourceUtils: No custom resources configured for spark.driver.
[2025-06-08T05:01:08.831+0000] {spark_submit.py:641} INFO - 25/06/08 05:01:08 INFO ResourceUtils: ==============================================================
[2025-06-08T05:01:08.832+0000] {spark_submit.py:641} INFO - 25/06/08 05:01:08 INFO SparkContext: Submitted application: Dibimbing
[2025-06-08T05:01:08.843+0000] {spark_submit.py:641} INFO - 25/06/08 05:01:08 INFO ResourceProfile: Default ResourceProfile created, executor resources: Map(cores -> name: cores, amount: 1, script: , vendor: , memory -> name: memory, amount: 1024, script: , vendor: , offHeap -> name: offHeap, amount: 0, script: , vendor: ), task resources: Map(cpus -> name: cpus, amount: 1.0)
[2025-06-08T05:01:08.849+0000] {spark_submit.py:641} INFO - 25/06/08 05:01:08 INFO ResourceProfile: Limiting resource is cpu
[2025-06-08T05:01:08.850+0000] {spark_submit.py:641} INFO - 25/06/08 05:01:08 INFO ResourceProfileManager: Added ResourceProfile id: 0
[2025-06-08T05:01:08.883+0000] {spark_submit.py:641} INFO - 25/06/08 05:01:08 INFO SecurityManager: Changing view acls to: airflow
[2025-06-08T05:01:08.884+0000] {spark_submit.py:641} INFO - 25/06/08 05:01:08 INFO SecurityManager: Changing modify acls to: airflow
[2025-06-08T05:01:08.885+0000] {spark_submit.py:641} INFO - 25/06/08 05:01:08 INFO SecurityManager: Changing view acls groups to:
[2025-06-08T05:01:08.885+0000] {spark_submit.py:641} INFO - 25/06/08 05:01:08 INFO SecurityManager: Changing modify acls groups to:
[2025-06-08T05:01:08.886+0000] {spark_submit.py:641} INFO - 25/06/08 05:01:08 INFO SecurityManager: SecurityManager: authentication disabled; ui acls disabled; users  with view permissions: Set(airflow); groups with view permissions: Set(); users  with modify permissions: Set(airflow); groups with modify permissions: Set()
[2025-06-08T05:01:09.041+0000] {spark_submit.py:641} INFO - 25/06/08 05:01:09 INFO Utils: Successfully started service 'sparkDriver' on port 38611.
[2025-06-08T05:01:09.085+0000] {spark_submit.py:641} INFO - 25/06/08 05:01:09 INFO SparkEnv: Registering MapOutputTracker
[2025-06-08T05:01:09.110+0000] {spark_submit.py:641} INFO - 25/06/08 05:01:09 INFO SparkEnv: Registering BlockManagerMaster
[2025-06-08T05:01:09.120+0000] {spark_submit.py:641} INFO - 25/06/08 05:01:09 INFO BlockManagerMasterEndpoint: Using org.apache.spark.storage.DefaultTopologyMapper for getting topology information
[2025-06-08T05:01:09.120+0000] {spark_submit.py:641} INFO - 25/06/08 05:01:09 INFO BlockManagerMasterEndpoint: BlockManagerMasterEndpoint up
[2025-06-08T05:01:09.123+0000] {spark_submit.py:641} INFO - 25/06/08 05:01:09 INFO SparkEnv: Registering BlockManagerMasterHeartbeat
[2025-06-08T05:01:09.137+0000] {spark_submit.py:641} INFO - 25/06/08 05:01:09 INFO DiskBlockManager: Created local directory at /tmp/blockmgr-55c07408-8937-4276-9d5e-db7f70e9ea63
[2025-06-08T05:01:09.148+0000] {spark_submit.py:641} INFO - 25/06/08 05:01:09 INFO MemoryStore: MemoryStore started with capacity 434.4 MiB
[2025-06-08T05:01:09.158+0000] {spark_submit.py:641} INFO - 25/06/08 05:01:09 INFO SparkEnv: Registering OutputCommitCoordinator
[2025-06-08T05:01:09.326+0000] {spark_submit.py:641} INFO - 25/06/08 05:01:09 INFO Utils: Successfully started service 'SparkUI' on port 4040.
[2025-06-08T05:01:09.401+0000] {spark_submit.py:641} INFO - 25/06/08 05:01:09 INFO StandaloneAppClient$ClientEndpoint: Connecting to master spark://dataeng-spark-master:7077...
[2025-06-08T05:01:10.855+0000] {spark_submit.py:641} INFO - 25/06/08 05:01:10 WARN StandaloneAppClient$ClientEndpoint: Failed to connect to master dataeng-spark-master:7077
[2025-06-08T05:01:10.857+0000] {spark_submit.py:641} INFO - org.apache.spark.SparkException: Exception thrown in awaitResult:
[2025-06-08T05:01:10.857+0000] {spark_submit.py:641} INFO - at org.apache.spark.util.ThreadUtils$.awaitResult(ThreadUtils.scala:301)
[2025-06-08T05:01:10.857+0000] {spark_submit.py:641} INFO - at org.apache.spark.rpc.RpcTimeout.awaitResult(RpcTimeout.scala:75)
[2025-06-08T05:01:10.858+0000] {spark_submit.py:641} INFO - at org.apache.spark.rpc.RpcEnv.setupEndpointRefByURI(RpcEnv.scala:102)
[2025-06-08T05:01:10.859+0000] {spark_submit.py:641} INFO - at org.apache.spark.rpc.RpcEnv.setupEndpointRef(RpcEnv.scala:110)
[2025-06-08T05:01:10.859+0000] {spark_submit.py:641} INFO - at org.apache.spark.deploy.client.StandaloneAppClient$ClientEndpoint$$anon$1.run(StandaloneAppClient.scala:107)
[2025-06-08T05:01:10.860+0000] {spark_submit.py:641} INFO - at java.base/java.util.concurrent.Executors$RunnableAdapter.call(Executors.java:539)
[2025-06-08T05:01:10.860+0000] {spark_submit.py:641} INFO - at java.base/java.util.concurrent.FutureTask.run(FutureTask.java:264)
[2025-06-08T05:01:10.861+0000] {spark_submit.py:641} INFO - at java.base/java.util.concurrent.ThreadPoolExecutor.runWorker(ThreadPoolExecutor.java:1136)
[2025-06-08T05:01:10.861+0000] {spark_submit.py:641} INFO - at java.base/java.util.concurrent.ThreadPoolExecutor$Worker.run(ThreadPoolExecutor.java:635)
[2025-06-08T05:01:10.862+0000] {spark_submit.py:641} INFO - at java.base/java.lang.Thread.run(Thread.java:840)
[2025-06-08T05:01:10.862+0000] {spark_submit.py:641} INFO - Caused by: java.io.IOException: Failed to connect to dataeng-spark-master/<unresolved>:7077
[2025-06-08T05:01:10.863+0000] {spark_submit.py:641} INFO - at org.apache.spark.network.client.TransportClientFactory.createClient(TransportClientFactory.java:288)
[2025-06-08T05:01:10.863+0000] {spark_submit.py:641} INFO - at org.apache.spark.network.client.TransportClientFactory.createClient(TransportClientFactory.java:218)
[2025-06-08T05:01:10.864+0000] {spark_submit.py:641} INFO - at org.apache.spark.network.client.TransportClientFactory.createClient(TransportClientFactory.java:230)
[2025-06-08T05:01:10.865+0000] {spark_submit.py:641} INFO - at org.apache.spark.rpc.netty.NettyRpcEnv.createClient(NettyRpcEnv.scala:204)
[2025-06-08T05:01:10.867+0000] {spark_submit.py:641} INFO - at org.apache.spark.rpc.netty.Outbox$$anon$1.call(Outbox.scala:202)
[2025-06-08T05:01:10.868+0000] {spark_submit.py:641} INFO - at org.apache.spark.rpc.netty.Outbox$$anon$1.call(Outbox.scala:198)
[2025-06-08T05:01:10.868+0000] {spark_submit.py:641} INFO - ... 4 more
[2025-06-08T05:01:10.870+0000] {spark_submit.py:641} INFO - Caused by: java.net.UnknownHostException: dataeng-spark-master
[2025-06-08T05:01:10.870+0000] {spark_submit.py:641} INFO - at java.base/java.net.InetAddress$CachedAddresses.get(InetAddress.java:801)
[2025-06-08T05:01:10.871+0000] {spark_submit.py:641} INFO - at java.base/java.net.InetAddress.getAllByName0(InetAddress.java:1533)
[2025-06-08T05:01:10.872+0000] {spark_submit.py:641} INFO - at java.base/java.net.InetAddress.getAllByName(InetAddress.java:1385)
[2025-06-08T05:01:10.873+0000] {spark_submit.py:641} INFO - at java.base/java.net.InetAddress.getAllByName(InetAddress.java:1306)
[2025-06-08T05:01:10.874+0000] {spark_submit.py:641} INFO - at java.base/java.net.InetAddress.getByName(InetAddress.java:1256)
[2025-06-08T05:01:10.874+0000] {spark_submit.py:641} INFO - at io.netty.util.internal.SocketUtils$8.run(SocketUtils.java:156)
[2025-06-08T05:01:10.874+0000] {spark_submit.py:641} INFO - at io.netty.util.internal.SocketUtils$8.run(SocketUtils.java:153)
[2025-06-08T05:01:10.875+0000] {spark_submit.py:641} INFO - at java.base/java.security.AccessController.doPrivileged(AccessController.java:569)
[2025-06-08T05:01:10.875+0000] {spark_submit.py:641} INFO - at io.netty.util.internal.SocketUtils.addressByName(SocketUtils.java:153)
[2025-06-08T05:01:10.875+0000] {spark_submit.py:641} INFO - at io.netty.resolver.DefaultNameResolver.doResolve(DefaultNameResolver.java:41)
[2025-06-08T05:01:10.876+0000] {spark_submit.py:641} INFO - at io.netty.resolver.SimpleNameResolver.resolve(SimpleNameResolver.java:61)
[2025-06-08T05:01:10.876+0000] {spark_submit.py:641} INFO - at io.netty.resolver.SimpleNameResolver.resolve(SimpleNameResolver.java:53)
[2025-06-08T05:01:10.876+0000] {spark_submit.py:641} INFO - at io.netty.resolver.InetSocketAddressResolver.doResolve(InetSocketAddressResolver.java:55)
[2025-06-08T05:01:10.877+0000] {spark_submit.py:641} INFO - at io.netty.resolver.InetSocketAddressResolver.doResolve(InetSocketAddressResolver.java:31)
[2025-06-08T05:01:10.877+0000] {spark_submit.py:641} INFO - at io.netty.resolver.AbstractAddressResolver.resolve(AbstractAddressResolver.java:106)
[2025-06-08T05:01:10.878+0000] {spark_submit.py:641} INFO - at io.netty.bootstrap.Bootstrap.doResolveAndConnect0(Bootstrap.java:206)
[2025-06-08T05:01:10.878+0000] {spark_submit.py:641} INFO - at io.netty.bootstrap.Bootstrap.access$000(Bootstrap.java:46)
[2025-06-08T05:01:10.878+0000] {spark_submit.py:641} INFO - at io.netty.bootstrap.Bootstrap$1.operationComplete(Bootstrap.java:180)
[2025-06-08T05:01:10.879+0000] {spark_submit.py:641} INFO - at io.netty.bootstrap.Bootstrap$1.operationComplete(Bootstrap.java:166)
[2025-06-08T05:01:10.879+0000] {spark_submit.py:641} INFO - at io.netty.util.concurrent.DefaultPromise.notifyListener0(DefaultPromise.java:578)
[2025-06-08T05:01:10.879+0000] {spark_submit.py:641} INFO - at io.netty.util.concurrent.DefaultPromise.notifyListenersNow(DefaultPromise.java:552)
[2025-06-08T05:01:10.880+0000] {spark_submit.py:641} INFO - at io.netty.util.concurrent.DefaultPromise.notifyListeners(DefaultPromise.java:491)
[2025-06-08T05:01:10.880+0000] {spark_submit.py:641} INFO - at io.netty.util.concurrent.DefaultPromise.setValue0(DefaultPromise.java:616)
[2025-06-08T05:01:10.880+0000] {spark_submit.py:641} INFO - at io.netty.util.concurrent.DefaultPromise.setSuccess0(DefaultPromise.java:605)
[2025-06-08T05:01:10.881+0000] {spark_submit.py:641} INFO - at io.netty.util.concurrent.DefaultPromise.trySuccess(DefaultPromise.java:104)
[2025-06-08T05:01:10.882+0000] {spark_submit.py:641} INFO - at io.netty.channel.DefaultChannelPromise.trySuccess(DefaultChannelPromise.java:84)
[2025-06-08T05:01:10.883+0000] {spark_submit.py:641} INFO - at io.netty.channel.AbstractChannel$AbstractUnsafe.safeSetSuccess(AbstractChannel.java:990)
[2025-06-08T05:01:10.883+0000] {spark_submit.py:641} INFO - at io.netty.channel.AbstractChannel$AbstractUnsafe.register0(AbstractChannel.java:516)
[2025-06-08T05:01:10.884+0000] {spark_submit.py:641} INFO - at io.netty.channel.AbstractChannel$AbstractUnsafe.access$200(AbstractChannel.java:429)
[2025-06-08T05:01:10.884+0000] {spark_submit.py:641} INFO - at io.netty.channel.AbstractChannel$AbstractUnsafe$1.run(AbstractChannel.java:486)
[2025-06-08T05:01:10.885+0000] {spark_submit.py:641} INFO - at io.netty.util.concurrent.AbstractEventExecutor.safeExecute(AbstractEventExecutor.java:164)
[2025-06-08T05:01:10.886+0000] {spark_submit.py:641} INFO - at io.netty.util.concurrent.SingleThreadEventExecutor.runAllTasks(SingleThreadEventExecutor.java:469)
[2025-06-08T05:01:10.886+0000] {spark_submit.py:641} INFO - at io.netty.channel.nio.NioEventLoop.run(NioEventLoop.java:503)
[2025-06-08T05:01:10.887+0000] {spark_submit.py:641} INFO - at io.netty.util.concurrent.SingleThreadEventExecutor$4.run(SingleThreadEventExecutor.java:986)
[2025-06-08T05:01:10.887+0000] {spark_submit.py:641} INFO - at io.netty.util.internal.ThreadExecutorMap$2.run(ThreadExecutorMap.java:74)
[2025-06-08T05:01:10.888+0000] {spark_submit.py:641} INFO - at io.netty.util.concurrent.FastThreadLocalRunnable.run(FastThreadLocalRunnable.java:30)
[2025-06-08T05:01:10.888+0000] {spark_submit.py:641} INFO - ... 1 more
[2025-06-08T05:01:29.399+0000] {spark_submit.py:641} INFO - 25/06/08 05:01:29 INFO StandaloneAppClient$ClientEndpoint: Connecting to master spark://dataeng-spark-master:7077...
[2025-06-08T05:01:30.795+0000] {spark_submit.py:641} INFO - 25/06/08 05:01:30 WARN StandaloneAppClient$ClientEndpoint: Failed to connect to master dataeng-spark-master:7077
[2025-06-08T05:01:30.797+0000] {spark_submit.py:641} INFO - org.apache.spark.SparkException: Exception thrown in awaitResult:
[2025-06-08T05:01:30.798+0000] {spark_submit.py:641} INFO - at org.apache.spark.util.ThreadUtils$.awaitResult(ThreadUtils.scala:301)
[2025-06-08T05:01:30.799+0000] {spark_submit.py:641} INFO - at org.apache.spark.rpc.RpcTimeout.awaitResult(RpcTimeout.scala:75)
[2025-06-08T05:01:30.800+0000] {spark_submit.py:641} INFO - at org.apache.spark.rpc.RpcEnv.setupEndpointRefByURI(RpcEnv.scala:102)
[2025-06-08T05:01:30.802+0000] {spark_submit.py:641} INFO - at org.apache.spark.rpc.RpcEnv.setupEndpointRef(RpcEnv.scala:110)
[2025-06-08T05:01:30.805+0000] {spark_submit.py:641} INFO - at org.apache.spark.deploy.client.StandaloneAppClient$ClientEndpoint$$anon$1.run(StandaloneAppClient.scala:107)
[2025-06-08T05:01:30.808+0000] {spark_submit.py:641} INFO - at java.base/java.util.concurrent.Executors$RunnableAdapter.call(Executors.java:539)
[2025-06-08T05:01:30.809+0000] {spark_submit.py:641} INFO - at java.base/java.util.concurrent.FutureTask.run(FutureTask.java:264)
[2025-06-08T05:01:30.810+0000] {spark_submit.py:641} INFO - at java.base/java.util.concurrent.ThreadPoolExecutor.runWorker(ThreadPoolExecutor.java:1136)
[2025-06-08T05:01:30.811+0000] {spark_submit.py:641} INFO - at java.base/java.util.concurrent.ThreadPoolExecutor$Worker.run(ThreadPoolExecutor.java:635)
[2025-06-08T05:01:30.812+0000] {spark_submit.py:641} INFO - at java.base/java.lang.Thread.run(Thread.java:840)
[2025-06-08T05:01:30.812+0000] {spark_submit.py:641} INFO - Caused by: java.io.IOException: Failed to connect to dataeng-spark-master/<unresolved>:7077
[2025-06-08T05:01:30.813+0000] {spark_submit.py:641} INFO - at org.apache.spark.network.client.TransportClientFactory.createClient(TransportClientFactory.java:288)
[2025-06-08T05:01:30.813+0000] {spark_submit.py:641} INFO - at org.apache.spark.network.client.TransportClientFactory.createClient(TransportClientFactory.java:218)
[2025-06-08T05:01:30.813+0000] {spark_submit.py:641} INFO - at org.apache.spark.network.client.TransportClientFactory.createClient(TransportClientFactory.java:230)
[2025-06-08T05:01:30.814+0000] {spark_submit.py:641} INFO - at org.apache.spark.rpc.netty.NettyRpcEnv.createClient(NettyRpcEnv.scala:204)
[2025-06-08T05:01:30.814+0000] {spark_submit.py:641} INFO - at org.apache.spark.rpc.netty.Outbox$$anon$1.call(Outbox.scala:202)
[2025-06-08T05:01:30.815+0000] {spark_submit.py:641} INFO - at org.apache.spark.rpc.netty.Outbox$$anon$1.call(Outbox.scala:198)
[2025-06-08T05:01:30.815+0000] {spark_submit.py:641} INFO - ... 4 more
[2025-06-08T05:01:30.815+0000] {spark_submit.py:641} INFO - Caused by: java.net.UnknownHostException: dataeng-spark-master
[2025-06-08T05:01:30.816+0000] {spark_submit.py:641} INFO - at java.base/java.net.InetAddress$CachedAddresses.get(InetAddress.java:801)
[2025-06-08T05:01:30.816+0000] {spark_submit.py:641} INFO - at java.base/java.net.InetAddress.getAllByName0(InetAddress.java:1533)
[2025-06-08T05:01:30.817+0000] {spark_submit.py:641} INFO - at java.base/java.net.InetAddress.getAllByName(InetAddress.java:1385)
[2025-06-08T05:01:30.817+0000] {spark_submit.py:641} INFO - at java.base/java.net.InetAddress.getAllByName(InetAddress.java:1306)
[2025-06-08T05:01:30.818+0000] {spark_submit.py:641} INFO - at java.base/java.net.InetAddress.getByName(InetAddress.java:1256)
[2025-06-08T05:01:30.818+0000] {spark_submit.py:641} INFO - at io.netty.util.internal.SocketUtils$8.run(SocketUtils.java:156)
[2025-06-08T05:01:30.818+0000] {spark_submit.py:641} INFO - at io.netty.util.internal.SocketUtils$8.run(SocketUtils.java:153)
[2025-06-08T05:01:30.819+0000] {spark_submit.py:641} INFO - at java.base/java.security.AccessController.doPrivileged(AccessController.java:569)
[2025-06-08T05:01:30.819+0000] {spark_submit.py:641} INFO - at io.netty.util.internal.SocketUtils.addressByName(SocketUtils.java:153)
[2025-06-08T05:01:30.819+0000] {spark_submit.py:641} INFO - at io.netty.resolver.DefaultNameResolver.doResolve(DefaultNameResolver.java:41)
[2025-06-08T05:01:30.819+0000] {spark_submit.py:641} INFO - at io.netty.resolver.SimpleNameResolver.resolve(SimpleNameResolver.java:61)
[2025-06-08T05:01:30.820+0000] {spark_submit.py:641} INFO - at io.netty.resolver.SimpleNameResolver.resolve(SimpleNameResolver.java:53)
[2025-06-08T05:01:30.820+0000] {spark_submit.py:641} INFO - at io.netty.resolver.InetSocketAddressResolver.doResolve(InetSocketAddressResolver.java:55)
[2025-06-08T05:01:30.820+0000] {spark_submit.py:641} INFO - at io.netty.resolver.InetSocketAddressResolver.doResolve(InetSocketAddressResolver.java:31)
[2025-06-08T05:01:30.821+0000] {spark_submit.py:641} INFO - at io.netty.resolver.AbstractAddressResolver.resolve(AbstractAddressResolver.java:106)
[2025-06-08T05:01:30.821+0000] {spark_submit.py:641} INFO - at io.netty.bootstrap.Bootstrap.doResolveAndConnect0(Bootstrap.java:206)
[2025-06-08T05:01:30.821+0000] {spark_submit.py:641} INFO - at io.netty.bootstrap.Bootstrap.access$000(Bootstrap.java:46)
[2025-06-08T05:01:30.822+0000] {spark_submit.py:641} INFO - at io.netty.bootstrap.Bootstrap$1.operationComplete(Bootstrap.java:180)
[2025-06-08T05:01:30.822+0000] {spark_submit.py:641} INFO - at io.netty.bootstrap.Bootstrap$1.operationComplete(Bootstrap.java:166)
[2025-06-08T05:01:30.822+0000] {spark_submit.py:641} INFO - at io.netty.util.concurrent.DefaultPromise.notifyListener0(DefaultPromise.java:578)
[2025-06-08T05:01:30.823+0000] {spark_submit.py:641} INFO - at io.netty.util.concurrent.DefaultPromise.notifyListenersNow(DefaultPromise.java:552)
[2025-06-08T05:01:30.823+0000] {spark_submit.py:641} INFO - at io.netty.util.concurrent.DefaultPromise.notifyListeners(DefaultPromise.java:491)
[2025-06-08T05:01:30.823+0000] {spark_submit.py:641} INFO - at io.netty.util.concurrent.DefaultPromise.setValue0(DefaultPromise.java:616)
[2025-06-08T05:01:30.823+0000] {spark_submit.py:641} INFO - at io.netty.util.concurrent.DefaultPromise.setSuccess0(DefaultPromise.java:605)
[2025-06-08T05:01:30.823+0000] {spark_submit.py:641} INFO - at io.netty.util.concurrent.DefaultPromise.trySuccess(DefaultPromise.java:104)
[2025-06-08T05:01:30.823+0000] {spark_submit.py:641} INFO - at io.netty.channel.DefaultChannelPromise.trySuccess(DefaultChannelPromise.java:84)
[2025-06-08T05:01:30.824+0000] {spark_submit.py:641} INFO - at io.netty.channel.AbstractChannel$AbstractUnsafe.safeSetSuccess(AbstractChannel.java:990)
[2025-06-08T05:01:30.824+0000] {spark_submit.py:641} INFO - at io.netty.channel.AbstractChannel$AbstractUnsafe.register0(AbstractChannel.java:516)
[2025-06-08T05:01:30.824+0000] {spark_submit.py:641} INFO - at io.netty.channel.AbstractChannel$AbstractUnsafe.access$200(AbstractChannel.java:429)
[2025-06-08T05:01:30.824+0000] {spark_submit.py:641} INFO - at io.netty.channel.AbstractChannel$AbstractUnsafe$1.run(AbstractChannel.java:486)
[2025-06-08T05:01:30.825+0000] {spark_submit.py:641} INFO - at io.netty.util.concurrent.AbstractEventExecutor.safeExecute(AbstractEventExecutor.java:164)
[2025-06-08T05:01:30.825+0000] {spark_submit.py:641} INFO - at io.netty.util.concurrent.SingleThreadEventExecutor.runAllTasks(SingleThreadEventExecutor.java:469)
[2025-06-08T05:01:30.825+0000] {spark_submit.py:641} INFO - at io.netty.channel.nio.NioEventLoop.run(NioEventLoop.java:503)
[2025-06-08T05:01:30.826+0000] {spark_submit.py:641} INFO - at io.netty.util.concurrent.SingleThreadEventExecutor$4.run(SingleThreadEventExecutor.java:986)
[2025-06-08T05:01:30.826+0000] {spark_submit.py:641} INFO - at io.netty.util.internal.ThreadExecutorMap$2.run(ThreadExecutorMap.java:74)
[2025-06-08T05:01:30.826+0000] {spark_submit.py:641} INFO - at io.netty.util.concurrent.FastThreadLocalRunnable.run(FastThreadLocalRunnable.java:30)
[2025-06-08T05:01:30.826+0000] {spark_submit.py:641} INFO - ... 1 more
[2025-06-08T05:01:49.400+0000] {spark_submit.py:641} INFO - 25/06/08 05:01:49 INFO StandaloneAppClient$ClientEndpoint: Connecting to master spark://dataeng-spark-master:7077...
[2025-06-08T05:01:50.804+0000] {spark_submit.py:641} INFO - 25/06/08 05:01:50 WARN StandaloneAppClient$ClientEndpoint: Failed to connect to master dataeng-spark-master:7077
[2025-06-08T05:01:50.810+0000] {spark_submit.py:641} INFO - org.apache.spark.SparkException: Exception thrown in awaitResult:
[2025-06-08T05:01:50.812+0000] {spark_submit.py:641} INFO - at org.apache.spark.util.ThreadUtils$.awaitResult(ThreadUtils.scala:301)
[2025-06-08T05:01:50.813+0000] {spark_submit.py:641} INFO - at org.apache.spark.rpc.RpcTimeout.awaitResult(RpcTimeout.scala:75)
[2025-06-08T05:01:50.814+0000] {spark_submit.py:641} INFO - at org.apache.spark.rpc.RpcEnv.setupEndpointRefByURI(RpcEnv.scala:102)
[2025-06-08T05:01:50.814+0000] {spark_submit.py:641} INFO - at org.apache.spark.rpc.RpcEnv.setupEndpointRef(RpcEnv.scala:110)
[2025-06-08T05:01:50.815+0000] {spark_submit.py:641} INFO - at org.apache.spark.deploy.client.StandaloneAppClient$ClientEndpoint$$anon$1.run(StandaloneAppClient.scala:107)
[2025-06-08T05:01:50.815+0000] {spark_submit.py:641} INFO - at java.base/java.util.concurrent.Executors$RunnableAdapter.call(Executors.java:539)
[2025-06-08T05:01:50.816+0000] {spark_submit.py:641} INFO - at java.base/java.util.concurrent.FutureTask.run(FutureTask.java:264)
[2025-06-08T05:01:50.816+0000] {spark_submit.py:641} INFO - at java.base/java.util.concurrent.ThreadPoolExecutor.runWorker(ThreadPoolExecutor.java:1136)
[2025-06-08T05:01:50.817+0000] {spark_submit.py:641} INFO - at java.base/java.util.concurrent.ThreadPoolExecutor$Worker.run(ThreadPoolExecutor.java:635)
[2025-06-08T05:01:50.817+0000] {spark_submit.py:641} INFO - at java.base/java.lang.Thread.run(Thread.java:840)
[2025-06-08T05:01:50.818+0000] {spark_submit.py:641} INFO - Caused by: java.io.IOException: Failed to connect to dataeng-spark-master/<unresolved>:7077
[2025-06-08T05:01:50.819+0000] {spark_submit.py:641} INFO - at org.apache.spark.network.client.TransportClientFactory.createClient(TransportClientFactory.java:288)
[2025-06-08T05:01:50.819+0000] {spark_submit.py:641} INFO - at org.apache.spark.network.client.TransportClientFactory.createClient(TransportClientFactory.java:218)
[2025-06-08T05:01:50.820+0000] {spark_submit.py:641} INFO - at org.apache.spark.network.client.TransportClientFactory.createClient(TransportClientFactory.java:230)
[2025-06-08T05:01:50.820+0000] {spark_submit.py:641} INFO - at org.apache.spark.rpc.netty.NettyRpcEnv.createClient(NettyRpcEnv.scala:204)
[2025-06-08T05:01:50.820+0000] {spark_submit.py:641} INFO - at org.apache.spark.rpc.netty.Outbox$$anon$1.call(Outbox.scala:202)
[2025-06-08T05:01:50.821+0000] {spark_submit.py:641} INFO - at org.apache.spark.rpc.netty.Outbox$$anon$1.call(Outbox.scala:198)
[2025-06-08T05:01:50.821+0000] {spark_submit.py:641} INFO - ... 4 more
[2025-06-08T05:01:50.822+0000] {spark_submit.py:641} INFO - Caused by: java.net.UnknownHostException: dataeng-spark-master
[2025-06-08T05:01:50.822+0000] {spark_submit.py:641} INFO - at java.base/java.net.InetAddress$CachedAddresses.get(InetAddress.java:801)
[2025-06-08T05:01:50.823+0000] {spark_submit.py:641} INFO - at java.base/java.net.InetAddress.getAllByName0(InetAddress.java:1533)
[2025-06-08T05:01:50.824+0000] {spark_submit.py:641} INFO - at java.base/java.net.InetAddress.getAllByName(InetAddress.java:1385)
[2025-06-08T05:01:50.824+0000] {spark_submit.py:641} INFO - at java.base/java.net.InetAddress.getAllByName(InetAddress.java:1306)
[2025-06-08T05:01:50.825+0000] {spark_submit.py:641} INFO - at java.base/java.net.InetAddress.getByName(InetAddress.java:1256)
[2025-06-08T05:01:50.826+0000] {spark_submit.py:641} INFO - at io.netty.util.internal.SocketUtils$8.run(SocketUtils.java:156)
[2025-06-08T05:01:50.826+0000] {spark_submit.py:641} INFO - at io.netty.util.internal.SocketUtils$8.run(SocketUtils.java:153)
[2025-06-08T05:01:50.827+0000] {spark_submit.py:641} INFO - at java.base/java.security.AccessController.doPrivileged(AccessController.java:569)
[2025-06-08T05:01:50.828+0000] {spark_submit.py:641} INFO - at io.netty.util.internal.SocketUtils.addressByName(SocketUtils.java:153)
[2025-06-08T05:01:50.828+0000] {spark_submit.py:641} INFO - at io.netty.resolver.DefaultNameResolver.doResolve(DefaultNameResolver.java:41)
[2025-06-08T05:01:50.829+0000] {spark_submit.py:641} INFO - at io.netty.resolver.SimpleNameResolver.resolve(SimpleNameResolver.java:61)
[2025-06-08T05:01:50.829+0000] {spark_submit.py:641} INFO - at io.netty.resolver.SimpleNameResolver.resolve(SimpleNameResolver.java:53)
[2025-06-08T05:01:50.829+0000] {spark_submit.py:641} INFO - at io.netty.resolver.InetSocketAddressResolver.doResolve(InetSocketAddressResolver.java:55)
[2025-06-08T05:01:50.830+0000] {spark_submit.py:641} INFO - at io.netty.resolver.InetSocketAddressResolver.doResolve(InetSocketAddressResolver.java:31)
[2025-06-08T05:01:50.830+0000] {spark_submit.py:641} INFO - at io.netty.resolver.AbstractAddressResolver.resolve(AbstractAddressResolver.java:106)
[2025-06-08T05:01:50.830+0000] {spark_submit.py:641} INFO - at io.netty.bootstrap.Bootstrap.doResolveAndConnect0(Bootstrap.java:206)
[2025-06-08T05:01:50.831+0000] {spark_submit.py:641} INFO - at io.netty.bootstrap.Bootstrap.access$000(Bootstrap.java:46)
[2025-06-08T05:01:50.831+0000] {spark_submit.py:641} INFO - at io.netty.bootstrap.Bootstrap$1.operationComplete(Bootstrap.java:180)
[2025-06-08T05:01:50.832+0000] {spark_submit.py:641} INFO - at io.netty.bootstrap.Bootstrap$1.operationComplete(Bootstrap.java:166)
[2025-06-08T05:01:50.832+0000] {spark_submit.py:641} INFO - at io.netty.util.concurrent.DefaultPromise.notifyListener0(DefaultPromise.java:578)
[2025-06-08T05:01:50.832+0000] {spark_submit.py:641} INFO - at io.netty.util.concurrent.DefaultPromise.notifyListenersNow(DefaultPromise.java:552)
[2025-06-08T05:01:50.833+0000] {spark_submit.py:641} INFO - at io.netty.util.concurrent.DefaultPromise.notifyListeners(DefaultPromise.java:491)
[2025-06-08T05:01:50.833+0000] {spark_submit.py:641} INFO - at io.netty.util.concurrent.DefaultPromise.setValue0(DefaultPromise.java:616)
[2025-06-08T05:01:50.834+0000] {spark_submit.py:641} INFO - at io.netty.util.concurrent.DefaultPromise.setSuccess0(DefaultPromise.java:605)
[2025-06-08T05:01:50.834+0000] {spark_submit.py:641} INFO - at io.netty.util.concurrent.DefaultPromise.trySuccess(DefaultPromise.java:104)
[2025-06-08T05:01:50.835+0000] {spark_submit.py:641} INFO - at io.netty.channel.DefaultChannelPromise.trySuccess(DefaultChannelPromise.java:84)
[2025-06-08T05:01:50.836+0000] {spark_submit.py:641} INFO - at io.netty.channel.AbstractChannel$AbstractUnsafe.safeSetSuccess(AbstractChannel.java:990)
[2025-06-08T05:01:50.836+0000] {spark_submit.py:641} INFO - at io.netty.channel.AbstractChannel$AbstractUnsafe.register0(AbstractChannel.java:516)
[2025-06-08T05:01:50.836+0000] {spark_submit.py:641} INFO - at io.netty.channel.AbstractChannel$AbstractUnsafe.access$200(AbstractChannel.java:429)
[2025-06-08T05:01:50.837+0000] {spark_submit.py:641} INFO - at io.netty.channel.AbstractChannel$AbstractUnsafe$1.run(AbstractChannel.java:486)
[2025-06-08T05:01:50.837+0000] {spark_submit.py:641} INFO - at io.netty.util.concurrent.AbstractEventExecutor.safeExecute(AbstractEventExecutor.java:164)
[2025-06-08T05:01:50.837+0000] {spark_submit.py:641} INFO - at io.netty.util.concurrent.SingleThreadEventExecutor.runAllTasks(SingleThreadEventExecutor.java:469)
[2025-06-08T05:01:50.838+0000] {spark_submit.py:641} INFO - at io.netty.channel.nio.NioEventLoop.run(NioEventLoop.java:503)
[2025-06-08T05:01:50.838+0000] {spark_submit.py:641} INFO - at io.netty.util.concurrent.SingleThreadEventExecutor$4.run(SingleThreadEventExecutor.java:986)
[2025-06-08T05:01:50.838+0000] {spark_submit.py:641} INFO - at io.netty.util.internal.ThreadExecutorMap$2.run(ThreadExecutorMap.java:74)
[2025-06-08T05:01:50.839+0000] {spark_submit.py:641} INFO - at io.netty.util.concurrent.FastThreadLocalRunnable.run(FastThreadLocalRunnable.java:30)
[2025-06-08T05:01:50.839+0000] {spark_submit.py:641} INFO - ... 1 more
[2025-06-08T05:02:09.403+0000] {spark_submit.py:641} INFO - 25/06/08 05:02:09 ERROR StandaloneSchedulerBackend: Application has been killed. Reason: All masters are unresponsive! Giving up.
[2025-06-08T05:02:09.405+0000] {spark_submit.py:641} INFO - 25/06/08 05:02:09 WARN StandaloneSchedulerBackend: Application ID is not initialized yet.
[2025-06-08T05:02:09.416+0000] {spark_submit.py:641} INFO - 25/06/08 05:02:09 INFO Utils: Successfully started service 'org.apache.spark.network.netty.NettyBlockTransferService' on port 34831.
[2025-06-08T05:02:09.418+0000] {spark_submit.py:641} INFO - 25/06/08 05:02:09 INFO NettyBlockTransferService: Server created on dataeng-airflow-scheduler:34831
[2025-06-08T05:02:09.420+0000] {spark_submit.py:641} INFO - 25/06/08 05:02:09 INFO BlockManager: Using org.apache.spark.storage.RandomBlockReplicationPolicy for block replication policy
[2025-06-08T05:02:09.434+0000] {spark_submit.py:641} INFO - 25/06/08 05:02:09 INFO BlockManagerMaster: Registering BlockManager BlockManagerId(driver, dataeng-airflow-scheduler, 34831, None)
[2025-06-08T05:02:09.440+0000] {spark_submit.py:641} INFO - 25/06/08 05:02:09 INFO BlockManagerMasterEndpoint: Registering block manager dataeng-airflow-scheduler:34831 with 434.4 MiB RAM, BlockManagerId(driver, dataeng-airflow-scheduler, 34831, None)
[2025-06-08T05:02:09.443+0000] {spark_submit.py:641} INFO - 25/06/08 05:02:09 INFO SparkUI: Stopped Spark web UI at http://dataeng-airflow-scheduler:4040
[2025-06-08T05:02:09.445+0000] {spark_submit.py:641} INFO - 25/06/08 05:02:09 INFO BlockManagerMaster: Registered BlockManager BlockManagerId(driver, dataeng-airflow-scheduler, 34831, None)
[2025-06-08T05:02:09.447+0000] {spark_submit.py:641} INFO - 25/06/08 05:02:09 INFO BlockManager: Initialized BlockManager: BlockManagerId(driver, dataeng-airflow-scheduler, 34831, None)
[2025-06-08T05:02:09.451+0000] {spark_submit.py:641} INFO - 25/06/08 05:02:09 INFO StandaloneSchedulerBackend: Shutting down all executors
[2025-06-08T05:02:09.454+0000] {spark_submit.py:641} INFO - 25/06/08 05:02:09 INFO CoarseGrainedSchedulerBackend$DriverEndpoint: Asking each executor to shut down
[2025-06-08T05:02:09.460+0000] {spark_submit.py:641} INFO - 25/06/08 05:02:09 WARN StandaloneAppClient$ClientEndpoint: Drop UnregisterApplication(null) because has not yet connected to master
[2025-06-08T05:02:09.467+0000] {spark_submit.py:641} INFO - 25/06/08 05:02:09 INFO MapOutputTrackerMasterEndpoint: MapOutputTrackerMasterEndpoint stopped!
[2025-06-08T05:02:09.478+0000] {spark_submit.py:641} INFO - 25/06/08 05:02:09 INFO MemoryStore: MemoryStore cleared
[2025-06-08T05:02:09.479+0000] {spark_submit.py:641} INFO - 25/06/08 05:02:09 INFO BlockManager: BlockManager stopped
[2025-06-08T05:02:09.482+0000] {spark_submit.py:641} INFO - 25/06/08 05:02:09 INFO BlockManagerMaster: BlockManagerMaster stopped
[2025-06-08T05:02:09.484+0000] {spark_submit.py:641} INFO - 25/06/08 05:02:09 INFO OutputCommitCoordinator$OutputCommitCoordinatorEndpoint: OutputCommitCoordinator stopped!
[2025-06-08T05:02:09.496+0000] {spark_submit.py:641} INFO - 25/06/08 05:02:09 INFO SparkContext: Successfully stopped SparkContext
[2025-06-08T05:02:09.550+0000] {spark_submit.py:641} INFO - 25/06/08 05:02:09 ERROR AsyncEventQueue: Listener AppStatusListener threw an exception
[2025-06-08T05:02:09.551+0000] {spark_submit.py:641} INFO - java.lang.NullPointerException: Cannot invoke "org.apache.spark.status.api.v1.ApplicationInfo.attempts()" because the return value of "org.apache.spark.status.AppStatusListener.appInfo()" is null
[2025-06-08T05:02:09.552+0000] {spark_submit.py:641} INFO - at org.apache.spark.status.AppStatusListener.onApplicationEnd(AppStatusListener.scala:192)
[2025-06-08T05:02:09.552+0000] {spark_submit.py:641} INFO - at org.apache.spark.scheduler.SparkListenerBus.doPostEvent(SparkListenerBus.scala:57)
[2025-06-08T05:02:09.553+0000] {spark_submit.py:641} INFO - at org.apache.spark.scheduler.SparkListenerBus.doPostEvent$(SparkListenerBus.scala:28)
[2025-06-08T05:02:09.553+0000] {spark_submit.py:641} INFO - at org.apache.spark.scheduler.AsyncEventQueue.doPostEvent(AsyncEventQueue.scala:37)
[2025-06-08T05:02:09.554+0000] {spark_submit.py:641} INFO - at org.apache.spark.scheduler.AsyncEventQueue.doPostEvent(AsyncEventQueue.scala:37)
[2025-06-08T05:02:09.555+0000] {spark_submit.py:641} INFO - at org.apache.spark.util.ListenerBus.postToAll(ListenerBus.scala:117)
[2025-06-08T05:02:09.555+0000] {spark_submit.py:641} INFO - at org.apache.spark.util.ListenerBus.postToAll$(ListenerBus.scala:101)
[2025-06-08T05:02:09.556+0000] {spark_submit.py:641} INFO - at org.apache.spark.scheduler.AsyncEventQueue.super$postToAll(AsyncEventQueue.scala:105)
[2025-06-08T05:02:09.556+0000] {spark_submit.py:641} INFO - at org.apache.spark.scheduler.AsyncEventQueue.$anonfun$dispatch$1(AsyncEventQueue.scala:105)
[2025-06-08T05:02:09.557+0000] {spark_submit.py:641} INFO - at scala.runtime.java8.JFunction0$mcJ$sp.apply(JFunction0$mcJ$sp.java:23)
[2025-06-08T05:02:09.558+0000] {spark_submit.py:641} INFO - at scala.util.DynamicVariable.withValue(DynamicVariable.scala:62)
[2025-06-08T05:02:09.558+0000] {spark_submit.py:641} INFO - at org.apache.spark.scheduler.AsyncEventQueue.org$apache$spark$scheduler$AsyncEventQueue$$dispatch(AsyncEventQueue.scala:100)
[2025-06-08T05:02:09.559+0000] {spark_submit.py:641} INFO - at org.apache.spark.scheduler.AsyncEventQueue$$anon$2.$anonfun$run$1(AsyncEventQueue.scala:96)
[2025-06-08T05:02:09.559+0000] {spark_submit.py:641} INFO - at org.apache.spark.util.Utils$.tryOrStopSparkContext(Utils.scala:1446)
[2025-06-08T05:02:09.559+0000] {spark_submit.py:641} INFO - at org.apache.spark.scheduler.AsyncEventQueue$$anon$2.run(AsyncEventQueue.scala:96)
[2025-06-08T05:02:09.560+0000] {spark_submit.py:641} INFO - 25/06/08 05:02:09 ERROR SparkContext: Error initializing SparkContext.
[2025-06-08T05:02:09.561+0000] {spark_submit.py:641} INFO - java.lang.IllegalArgumentException: requirement failed: Can only call getServletHandlers on a running MetricsSystem
[2025-06-08T05:02:09.561+0000] {spark_submit.py:641} INFO - at scala.Predef$.require(Predef.scala:281)
[2025-06-08T05:02:09.562+0000] {spark_submit.py:641} INFO - at org.apache.spark.metrics.MetricsSystem.getServletHandlers(MetricsSystem.scala:89)
[2025-06-08T05:02:09.562+0000] {spark_submit.py:641} INFO - at org.apache.spark.SparkContext.<init>(SparkContext.scala:660)
[2025-06-08T05:02:09.562+0000] {spark_submit.py:641} INFO - at org.apache.spark.api.java.JavaSparkContext.<init>(JavaSparkContext.scala:58)
[2025-06-08T05:02:09.563+0000] {spark_submit.py:641} INFO - at java.base/jdk.internal.reflect.NativeConstructorAccessorImpl.newInstance0(Native Method)
[2025-06-08T05:02:09.563+0000] {spark_submit.py:641} INFO - at java.base/jdk.internal.reflect.NativeConstructorAccessorImpl.newInstance(NativeConstructorAccessorImpl.java:77)
[2025-06-08T05:02:09.563+0000] {spark_submit.py:641} INFO - at java.base/jdk.internal.reflect.DelegatingConstructorAccessorImpl.newInstance(DelegatingConstructorAccessorImpl.java:45)
[2025-06-08T05:02:09.564+0000] {spark_submit.py:641} INFO - at java.base/java.lang.reflect.Constructor.newInstanceWithCaller(Constructor.java:500)
[2025-06-08T05:02:09.564+0000] {spark_submit.py:641} INFO - at java.base/java.lang.reflect.Constructor.newInstance(Constructor.java:481)
[2025-06-08T05:02:09.565+0000] {spark_submit.py:641} INFO - at py4j.reflection.MethodInvoker.invoke(MethodInvoker.java:247)
[2025-06-08T05:02:09.565+0000] {spark_submit.py:641} INFO - at py4j.reflection.ReflectionEngine.invoke(ReflectionEngine.java:357)
[2025-06-08T05:02:09.566+0000] {spark_submit.py:641} INFO - at py4j.Gateway.invoke(Gateway.java:238)
[2025-06-08T05:02:09.566+0000] {spark_submit.py:641} INFO - at py4j.commands.ConstructorCommand.invokeConstructor(ConstructorCommand.java:80)
[2025-06-08T05:02:09.567+0000] {spark_submit.py:641} INFO - at py4j.commands.ConstructorCommand.execute(ConstructorCommand.java:69)
[2025-06-08T05:02:09.567+0000] {spark_submit.py:641} INFO - at py4j.ClientServerConnection.waitForCommands(ClientServerConnection.java:182)
[2025-06-08T05:02:09.568+0000] {spark_submit.py:641} INFO - at py4j.ClientServerConnection.run(ClientServerConnection.java:106)
[2025-06-08T05:02:09.568+0000] {spark_submit.py:641} INFO - at java.base/java.lang.Thread.run(Thread.java:840)
[2025-06-08T05:02:09.569+0000] {spark_submit.py:641} INFO - 25/06/08 05:02:09 INFO SparkContext: SparkContext already stopped.
[2025-06-08T05:02:09.569+0000] {spark_submit.py:641} INFO - Traceback (most recent call last):
[2025-06-08T05:02:09.570+0000] {spark_submit.py:641} INFO - File "/spark-scripts/spark-example.py", line 3, in <module>
[2025-06-08T05:02:09.570+0000] {spark_submit.py:641} INFO - sparkcontext = pyspark.SparkContext.getOrCreate(
[2025-06-08T05:02:09.571+0000] {spark_submit.py:641} INFO - File "/home/airflow/.local/lib/python3.9/site-packages/pyspark/python/lib/pyspark.zip/pyspark/context.py", line 483, in getOrCreate
[2025-06-08T05:02:09.571+0000] {spark_submit.py:641} INFO - File "/home/airflow/.local/lib/python3.9/site-packages/pyspark/python/lib/pyspark.zip/pyspark/context.py", line 197, in __init__
[2025-06-08T05:02:09.572+0000] {spark_submit.py:641} INFO - File "/home/airflow/.local/lib/python3.9/site-packages/pyspark/python/lib/pyspark.zip/pyspark/context.py", line 282, in _do_init
[2025-06-08T05:02:09.572+0000] {spark_submit.py:641} INFO - File "/home/airflow/.local/lib/python3.9/site-packages/pyspark/python/lib/pyspark.zip/pyspark/context.py", line 402, in _initialize_context
[2025-06-08T05:02:09.573+0000] {spark_submit.py:641} INFO - File "/home/airflow/.local/lib/python3.9/site-packages/pyspark/python/lib/py4j-0.10.9.5-src.zip/py4j/java_gateway.py", line 1585, in __call__
[2025-06-08T05:02:09.573+0000] {spark_submit.py:641} INFO - File "/home/airflow/.local/lib/python3.9/site-packages/pyspark/python/lib/py4j-0.10.9.5-src.zip/py4j/protocol.py", line 326, in get_return_value
[2025-06-08T05:02:09.574+0000] {spark_submit.py:641} INFO - py4j.protocol.Py4JJavaError: An error occurred while calling None.org.apache.spark.api.java.JavaSparkContext.
[2025-06-08T05:02:09.574+0000] {spark_submit.py:641} INFO - : java.lang.IllegalArgumentException: requirement failed: Can only call getServletHandlers on a running MetricsSystem
[2025-06-08T05:02:09.575+0000] {spark_submit.py:641} INFO - at scala.Predef$.require(Predef.scala:281)
[2025-06-08T05:02:09.575+0000] {spark_submit.py:641} INFO - at org.apache.spark.metrics.MetricsSystem.getServletHandlers(MetricsSystem.scala:89)
[2025-06-08T05:02:09.576+0000] {spark_submit.py:641} INFO - at org.apache.spark.SparkContext.<init>(SparkContext.scala:660)
[2025-06-08T05:02:09.576+0000] {spark_submit.py:641} INFO - at org.apache.spark.api.java.JavaSparkContext.<init>(JavaSparkContext.scala:58)
[2025-06-08T05:02:09.577+0000] {spark_submit.py:641} INFO - at java.base/jdk.internal.reflect.NativeConstructorAccessorImpl.newInstance0(Native Method)
[2025-06-08T05:02:09.577+0000] {spark_submit.py:641} INFO - at java.base/jdk.internal.reflect.NativeConstructorAccessorImpl.newInstance(NativeConstructorAccessorImpl.java:77)
[2025-06-08T05:02:09.578+0000] {spark_submit.py:641} INFO - at java.base/jdk.internal.reflect.DelegatingConstructorAccessorImpl.newInstance(DelegatingConstructorAccessorImpl.java:45)
[2025-06-08T05:02:09.579+0000] {spark_submit.py:641} INFO - at java.base/java.lang.reflect.Constructor.newInstanceWithCaller(Constructor.java:500)
[2025-06-08T05:02:09.579+0000] {spark_submit.py:641} INFO - at java.base/java.lang.reflect.Constructor.newInstance(Constructor.java:481)
[2025-06-08T05:02:09.579+0000] {spark_submit.py:641} INFO - at py4j.reflection.MethodInvoker.invoke(MethodInvoker.java:247)
[2025-06-08T05:02:09.580+0000] {spark_submit.py:641} INFO - at py4j.reflection.ReflectionEngine.invoke(ReflectionEngine.java:357)
[2025-06-08T05:02:09.580+0000] {spark_submit.py:641} INFO - at py4j.Gateway.invoke(Gateway.java:238)
[2025-06-08T05:02:09.581+0000] {spark_submit.py:641} INFO - at py4j.commands.ConstructorCommand.invokeConstructor(ConstructorCommand.java:80)
[2025-06-08T05:02:09.581+0000] {spark_submit.py:641} INFO - at py4j.commands.ConstructorCommand.execute(ConstructorCommand.java:69)
[2025-06-08T05:02:09.581+0000] {spark_submit.py:641} INFO - at py4j.ClientServerConnection.waitForCommands(ClientServerConnection.java:182)
[2025-06-08T05:02:09.582+0000] {spark_submit.py:641} INFO - at py4j.ClientServerConnection.run(ClientServerConnection.java:106)
[2025-06-08T05:02:09.582+0000] {spark_submit.py:641} INFO - at java.base/java.lang.Thread.run(Thread.java:840)
[2025-06-08T05:02:09.583+0000] {spark_submit.py:641} INFO - 
[2025-06-08T05:02:09.604+0000] {spark_submit.py:641} INFO - 25/06/08 05:02:09 INFO ShutdownHookManager: Shutdown hook called
[2025-06-08T05:02:09.605+0000] {spark_submit.py:641} INFO - 25/06/08 05:02:09 INFO ShutdownHookManager: Deleting directory /tmp/spark-9b3ac0cd-6d64-454c-8047-ba4ec638ce19
[2025-06-08T05:02:09.608+0000] {spark_submit.py:641} INFO - 25/06/08 05:02:09 INFO ShutdownHookManager: Deleting directory /tmp/spark-94b0d8fa-fefe-4a4e-a41b-d2ffa0c02b6d
[2025-06-08T05:02:09.642+0000] {taskinstance.py:441} INFO - ::group::Post task execution logs
[2025-06-08T05:02:09.658+0000] {taskinstance.py:2905} ERROR - Task failed with exception
Traceback (most recent call last):
  File "/home/airflow/.local/lib/python3.9/site-packages/airflow/models/taskinstance.py", line 465, in _execute_task
    result = _execute_callable(context=context, **execute_callable_kwargs)
  File "/home/airflow/.local/lib/python3.9/site-packages/airflow/models/taskinstance.py", line 432, in _execute_callable
    return execute_callable(context=context, **execute_callable_kwargs)
  File "/home/airflow/.local/lib/python3.9/site-packages/airflow/models/baseoperator.py", line 400, in wrapper
    return func(self, *args, **kwargs)
  File "/home/airflow/.local/lib/python3.9/site-packages/airflow/providers/apache/spark/operators/spark_submit.py", line 177, in execute
    self._hook.submit(self.application)
  File "/home/airflow/.local/lib/python3.9/site-packages/airflow/providers/apache/spark/hooks/spark_submit.py", line 567, in submit
    raise AirflowException(
airflow.exceptions.AirflowException: Cannot execute: spark-submit --master spark://dataeng-spark-master:7077 --name arrow-spark /spark-scripts/spark-example.py. Error code is: 1.
[2025-06-08T05:02:09.664+0000] {taskinstance.py:1206} INFO - Marking task as FAILED. dag_id=spark_airflow_dag, task_id=spark_submit_task, run_id=manual__2025-06-08T05:01:05.182552+00:00, execution_date=20250608T050105, start_date=20250608T050105, end_date=20250608T050209
[2025-06-08T05:02:09.678+0000] {standard_task_runner.py:110} ERROR - Failed to execute job 3 for task spark_submit_task (Cannot execute: spark-submit --master spark://dataeng-spark-master:7077 --name arrow-spark /spark-scripts/spark-example.py. Error code is: 1.; 246)
[2025-06-08T05:02:09.713+0000] {local_task_job_runner.py:240} INFO - Task exited with return code 1
[2025-06-08T05:02:09.732+0000] {taskinstance.py:3498} INFO - 0 downstream tasks scheduled from follow-on schedule check
[2025-06-08T05:02:09.736+0000] {local_task_job_runner.py:222} INFO - ::endgroup::
